<html>
<body>
<pre>
<h1>µVision Build Log</h1>
<h2>Project:</h2>
C:\Users\mostl\OneDrive\Projects\Keil\Lab2_UART\Lab11.uvproj
Project File Date:  03/17/2019

<h2>Output:</h2>
Rebuild target 'Lab11'
assembling startup.s...
compiling main.c...
linking...
Program Size: Code=1392 RO-data=32 RW-data=4 ZI-data=1124  
".\Lab11.axf" - 0 Error(s), 0 Warning(s).
Load "C:\\Users\\mostl\\OneDrive\\Projects\\Keil\\Lab2_UART\\Lab11.axf" 
Connecting: Mode=JTAG, Speed=1000000Hz
Erase Done.
Programming Done.
Verify OK.
</pre>
</body>
</html>
eDrive\\Projects\\Keil\\Lab2_UART\\Lab11.axf" 
Connecting: Mode=JTAG, Speed=1000000Hz
Erase Done.
Programming Done.
Verify OK.
